// Jest Snapshot v1, https://goo.gl/fbAQLP

exports[`NearbyVenue component testing with props Should match the snapshot 1`] = `
<div
  className="p-2 col-lg-6 col-md-6 col-12"
>
  <div
    className="content"
  >
    <div
      className="bg-t card-body"
    >
      <img
        alt="Cote - St Katherine's Docks"
        height="300px"
        src="venue_cote.jpg"
        style={
          Object {
            "objectFit": "cover",
          }
        }
        width="100%"
      />
      <div
        className=" colorScheme c-w padd-3 card-title h5"
        title="venue title"
      >
        Cote - St Katherine's Docks
      </div>
      <br />
      <div
        className="c-w justify txt-area padd-1 card-subtitle h6"
        style={
          Object {
            "lineHeight": "1.6",
          }
        }
        title="venue description"
      >
        Modern, all-day French brasserie chain, serving regional specialities and traditional classics. Choose any cooked breakfast or light main, a fresh juice or a hot drink, and a glass of sparkling Baron de Marck Champagne. Available at all of our brasseries.
      </div>
      <p
        className="c-r txt-area card-text"
        label="QA Cinema Offers"
        title="QA Cinema related offers"
      >
        QA Cinema offers:
      </p>
      <div
        class="padd-1"
      >
        <p
          class="landing-text txt-area marg-1 c-w"
          className="card-text"
          title="single cinema offer item"
        >
          Free lunch for children
        </p>
        <p
          class="landing-text txt-area marg-1 c-w"
          className="card-text"
          title="single cinema offer item"
        >
          Dinner 2 for 1 as a couple
        </p>
        <p
          class="landing-text txt-area marg-1 c-w"
          className="card-text"
          title="single cinema offer item"
        >
          Double for single price
        </p>
      </div>
      <p
        class="landing-text txt-area c-w padd-3"
        className="card-text"
        style={
          Object {
            "borderTop": "1px solid white",
          }
        }
        title="venue address"
      >
        International House, 1 St Katharine's Way, London E1W 1UN
      </p>
      <div
        className="row"
      >
        <div
          className="col-lg-6 col-md-6 col-12"
        >
          <p
            className="padd-1 txt-area card-text"
          >
            <a
              href="tel:+442074883668"
              title="venue telephone link"
            >
              <svg
                aria-hidden="true"
                className="svg-inline--fa fa-phone fa-w-16 fa-4x social-icon padd-1"
                color="#ff3333"
                data-icon="phone"
                data-prefix="fas"
                focusable="false"
                role="img"
                style={Object {}}
                viewBox="0 0 512 512"
                xmlns="http://www.w3.org/2000/svg"
              >
                <path
                  d="M493.4 24.6l-104-24c-11.3-2.6-22.9 3.3-27.5 13.9l-48 112c-4.2 9.8-1.4 21.3 6.9 28l60.6 49.6c-36 76.7-98.9 140.5-177.2 177.2l-49.6-60.6c-6.8-8.3-18.2-11.1-28-6.9l-112 48C3.9 366.5-2 378.1.6 389.4l24 104C27.1 504.2 36.7 512 48 512c256.1 0 464-207.5 464-464 0-11.2-7.7-20.9-18.6-23.4z"
                  fill="currentColor"
                  style={Object {}}
                />
              </svg>
            </a>
            <p
              className="txt-area"
              title="venue telephone label"
            >
              Telephone
            </p>
          </p>
        </div>
        <div
          className="col-lg-6 col-md-6 col-12"
        >
          <p
            className="padd-1 txt-area card-text"
          >
            <a
              href="https://www.google.co.uk/maps/place/Cote+-+St+Katherine's+Docks/@51.5082267,-0.0755847,17z/data=!4m5!3m4!1s0x48760348e2c50419:0x548a54f8679423f4!8m2!3d51.5082086!4d-0.0737684"
              title="venue telephone link"
            >
              <svg
                aria-hidden="true"
                className="svg-inline--fa fa-map-marked-alt fa-w-18 fa-4x social-icon padd-1"
                color="#ff3333"
                data-icon="map-marked-alt"
                data-prefix="fas"
                focusable="false"
                role="img"
                style={Object {}}
                viewBox="0 0 576 512"
                xmlns="http://www.w3.org/2000/svg"
              >
                <path
                  d="M288 0c-69.59 0-126 56.41-126 126 0 56.26 82.35 158.8 113.9 196.02 6.39 7.54 17.82 7.54 24.2 0C331.65 284.8 414 182.26 414 126 414 56.41 357.59 0 288 0zm0 168c-23.2 0-42-18.8-42-42s18.8-42 42-42 42 18.8 42 42-18.8 42-42 42zM20.12 215.95A32.006 32.006 0 0 0 0 245.66v250.32c0 11.32 11.43 19.06 21.94 14.86L160 448V214.92c-8.84-15.98-16.07-31.54-21.25-46.42L20.12 215.95zM288 359.67c-14.07 0-27.38-6.18-36.51-16.96-19.66-23.2-40.57-49.62-59.49-76.72v182l192 64V266c-18.92 27.09-39.82 53.52-59.49 76.72-9.13 10.77-22.44 16.95-36.51 16.95zm266.06-198.51L416 224v288l139.88-55.95A31.996 31.996 0 0 0 576 426.34V176.02c0-11.32-11.43-19.06-21.94-14.86z"
                  fill="currentColor"
                  style={Object {}}
                />
              </svg>
            </a>
            <p
              className="txt-area"
              title="venue telephone label"
            >
              Directions
            </p>
          </p>
        </div>
      </div>
    </div>
  </div>
</div>
`;
