// Jest Snapshot v1, https://goo.gl/fbAQLP

exports[`It matches the snapshot 1`] = `
<div
  class="background"
>
  <div
    class="fullScreen"
  >
    <h1
      class="landing-text"
    >
      Opening Times
    </h1>
    <div
      className="container"
    >
      <div
        className="bgBlur jumbotron"
      >
        <table
          className="table-hover text-white  table"
          id="tableBorder"
          style={
            Object {
              "backgroundColor": "#A02626",
              "flex": 1,
            }
          }
        >
          <thead>
            <tr>
              <th
                scope="col"
              >
                Day of the Week
              </th>
              <th
                scope="col"
              >
                Opening
              </th>
              <th
                scope="col"
              />
              <th
                scope="col"
              >
                Closing
              </th>
            </tr>
          </thead>
          <tbody>
            <tr>
              <th
                scope="row"
              >
                Monday
              </th>
              <td>
                13:00
              </td>
              <td>
                 - 
              </td>
              <td>
                22:00
              </td>
            </tr>
            <tr>
              <th
                scope="row"
              >
                Tuesday
              </th>
              <td>
                13:00
              </td>
              <td>
                 - 
              </td>
              <td>
                22:00
              </td>
            </tr>
            <tr>
              <th
                scope="row"
              >
                Wednesday
              </th>
              <td>
                13:00
              </td>
              <td>
                 - 
              </td>
              <td>
                22:00
              </td>
            </tr>
            <tr>
              <th
                scope="row"
              >
                Thursday
              </th>
              <td>
                13:00
              </td>
              <td>
                 - 
              </td>
              <td>
                22:00
              </td>
            </tr>
            <tr>
              <th
                scope="row"
              >
                Friday
              </th>
              <td>
                13:00
              </td>
              <td>
                 - 
              </td>
              <td>
                23:30
              </td>
            </tr>
            <tr>
              <th
                scope="row"
              >
                Saturday
              </th>
              <td>
                9:30
              </td>
              <td>
                 - 
              </td>
              <td>
                23:30
              </td>
            </tr>
            <tr>
              <th
                scope="row"
              >
                Sunday
              </th>
              <td>
                9:30
              </td>
              <td>
                 - 
              </td>
              <td>
                23:30
              </td>
            </tr>
          </tbody>
        </table>
      </div>
    </div>
  </div>
</div>
`;
