// Jest Snapshot v1, https://goo.gl/fbAQLP

exports[`It matches the snapshot 1`] = `
<div>
  <div
    class="background"
  >
    <div
      className="container"
    >
      <div
        className="bgBlur jumbotron"
      >
        <h1
          class="landing-text"
        >
           Screens 
        </h1>
        <div
          className="card"
          style={
            Object {
              "backgroundColor": "#A02626",
              "flex": 1,
            }
          }
        >
          <div
            class="row"
          >
            <div
              class="col-sm"
            >
              <img
                alt="Our Standard Cinema Screen Decor"
                src="./Images/StandardDecor.png"
                width="100%"
              />
            </div>
            <div
              class="col-sm"
            >
              <h4>
                 Standard Seating 
              </h4>
              <p>
                 Our Standard movie screens offer comfortable and spacious seating with enough room to accomodate over 100 guests. You can view our floorplan seating below to pick out your best 
              </p>
            </div>
          </div>
          <div
            class="container"
          >
            <div
              className="accordion"
            >
              <div
                className="card"
                style={
                  Object {
                    "backgroundColor": "#912323",
                    "flex": 1,
                  }
                }
              >
                <div
                  className="card-header"
                >
                  <button
                    className="text-white btn btn-outline-dark"
                    disabled={false}
                    onClick={[Function]}
                    type="button"
                  >
                    View Seating Plan
                  </button>
                </div>
                <div
                  aria-expanded={null}
                  className="collapse"
                >
                  <div
                    className="card-body"
                  >
                    <img
                      alt="Standard Seating Plan"
                      src="./Images/StandardPlan.png"
                      width="100%"
                    />
                  </div>
                </div>
              </div>
            </div>
          </div>
          <p />
        </div>
        <p />
        <div
          className="card"
          style={
            Object {
              "backgroundColor": "#A02626",
              "flex": 1,
            }
          }
        >
          <div
            class="row"
          >
            <div
              class="col-sm"
            >
              <h4>
                 Deluxe Seating 
              </h4>
              <p>
                 Our world-renown IMAX Screens are perfect for any film lover who wants to sit back enjoy in comfort. With leather reclinable chairs, our mission is to give you the comfort you deserve allowing you to focus solely on the movie. Find our seating plan attached below. 
              </p>
            </div>
            <div
              class="col-sm"
            >
              <img
                alt="Our Deluxe Cinema Screen Decor"
                src="./Images/DeluxeDecor.png"
                width="100%"
              />
            </div>
          </div>
          <div
            class="container"
          >
            <div
              className="accordion"
            >
              <div
                className="card"
                style={
                  Object {
                    "backgroundColor": "#912323",
                    "flex": 1,
                  }
                }
              >
                <div
                  className="card-header"
                >
                  <button
                    className="text-white btn btn-outline-dark"
                    disabled={false}
                    onClick={[Function]}
                    type="button"
                  >
                    View Seating Plan
                  </button>
                </div>
                <div
                  aria-expanded={null}
                  className="collapse"
                >
                  <div
                    className="card-body"
                  >
                    <img
                      alt="Deluxe Seating Plan"
                      src="./Images/DeluxePlan.png"
                      width="100%"
                    />
                  </div>
                </div>
              </div>
            </div>
          </div>
          <p />
        </div>
      </div>
    </div>
  </div>
</div>
`;
