// Jest Snapshot v1, https://goo.gl/fbAQLP

exports[`Unreleased movie testing should render data is loading 1`] = `
<div
  className="background"
>
  <div
    className="fullScreen"
  >
    <div
      className="container-fluid"
    >
      <div
        className="py-3"
      >
        <div
          className="text-white card"
          style={
            Object {
              "backgroundColor": "#212121",
              "flex": 1,
            }
          }
        >
          <div
            className="no-gutters row"
          >
            <div
              className="col-md-4"
            >
              <img
                alt="Movie image"
                height="700px"
                src="https://m.media-amazon.com/images/M/MV5BMjI0NmFkYzEtNzU2YS00NTg5LWIwYmMtNmQ1MTU0OGJjOTMxXkEyXkFqcGdeQXVyMjMxOTE0ODA@.jpg"
                style={
                  Object {
                    "objectFit": "cover",
                  }
                }
                width="100%"
              />
            </div>
            <div
              className="col-md-8"
            >
              <div
                className="card-body"
              >
                <div
                  className="cardMovieTitle card-title h5"
                >
                  Fast and Furious 9
                </div>
                <span
                  className="classificationBadge mb-3 badge badge-primary"
                >
                  Rating: 
                  12A
                </span>
                <p
                  className="cardMovieText card-text"
                >
                  Directed by 
                  Justin Lin
                </p>
                <p
                  className="cardMovieText card-text"
                >
                  Released in 
                  2021
                </p>
                <div
                  className="cardMovieText card-subtitle h6"
                >
                  Cipher enlists the help of Jakob, Dom's younger brother to take revenge on Dom and his team.
                </div>
                <br />
                <div>
                  <p
                    className="cardMovieText card-text"
                  >
                    Cast
                  </p>
                  <div
                    className="row"
                  >
                    <div
                      className="py-3 col-lg-2"
                    >
                      <div
                        className=" text-white card"
                        style={
                          Object {
                            "backgroundColor": "#912323",
                            "flex": 1,
                          }
                        }
                      >
                        <img
                          class="cardImg"
                          className="card-img"
                          src="https://www.themoviedb.org/t/p/w600_and_h900_bestv2/ac1dr6oK2ImdcJInKjIZw9sG6Jk.jpg"
                        />
                        <div
                          className="card-body"
                        >
                          <div
                            className="card-subtitle h6"
                          >
                            Vin Diesel
                          </div>
                          <p
                            className="card-text"
                          >
                            Dominic Toretto
                          </p>
                        </div>
                      </div>
                    </div>
                    <div
                      className="py-3 col-lg-2"
                    >
                      <div
                        className=" text-white card"
                        style={
                          Object {
                            "backgroundColor": "#912323",
                            "flex": 1,
                          }
                        }
                      >
                        <img
                          class="cardImg"
                          className="card-img"
                          src="https://www.themoviedb.org/t/p/w600_and_h900_bestv2/soXPKCMmOxT7oyfGsMUHB6YHLcC.jpg"
                        />
                        <div
                          className="card-body"
                        >
                          <div
                            className="card-subtitle h6"
                          >
                            Michelle Rodriguez
                          </div>
                          <p
                            className="card-text"
                          >
                            Letty Ortiz
                          </p>
                        </div>
                      </div>
                    </div>
                    <div
                      className="py-3 col-lg-2"
                    >
                      <div
                        className=" text-white card"
                        style={
                          Object {
                            "backgroundColor": "#912323",
                            "flex": 1,
                          }
                        }
                      >
                        <img
                          class="cardImg"
                          className="card-img"
                          src="https://www.themoviedb.org/t/p/w600_and_h900_bestv2/jxoy4fbXNKFQtBdK73cLXEz3ufS.jpg"
                        />
                        <div
                          className="card-body"
                        >
                          <div
                            className="card-subtitle h6"
                          >
                            Tyrese Gibson
                          </div>
                          <p
                            className="card-text"
                          >
                            Roman Pearce
                          </p>
                        </div>
                      </div>
                    </div>
                  </div>
                </div>
              </div>
            </div>
          </div>
        </div>
      </div>
    </div>
  </div>
</div>
`;
